{
  "Headers": [
    "foo",
    "bar",
    "bla"
  ],
  "Lines": [
    {
      "Cells": [
        "1",
        "2",
        "3"
      ]
    },
    {
      "Cells": [
        "4",
        "5",
        "6"
      ]
    }
  ]
}
